error: casting the result of `from_raw_parts` to *const [u8]
  --> tests/ui/clippy/cast_raw_slice_pointer_cast.rs:8:35
   |
LL |     let _: *const [u8] = unsafe { std::slice::from_raw_parts(ptr, 1) as *const [u8] };
   |                                   ^^^^^^^^^^^^^^^^^^^^^^^^^^^^^^^^^^ help: replace with: `core::ptr::slice_from_raw_parts(ptr, 1_usize)`
   |
   = note: `-D rpl::cast-slice-from-raw-parts` implied by `-D warnings`
   = help: to override `-D warnings` add `#[allow(rpl::cast_slice_from_raw_parts)]`

error: casting the result of `from_raw_parts` to *const [u8]
  --> tests/ui/clippy/cast_raw_slice_pointer_cast.rs:12:35
   |
LL |     let _: *const [u8] = unsafe { std::slice::from_raw_parts(ptr, 1) } as *const [u8];
   |                                   ^^^^^^^^^^^^^^^^^^^^^^^^^^^^^^^^^^ help: replace with: `core::ptr::slice_from_raw_parts(ptr, 1_usize)`

error: casting the result of `from_raw_parts` to *const [u8]
  --> tests/ui/clippy/cast_raw_slice_pointer_cast.rs:16:39
   |
LL |         let _: *const [u8] = unsafe { slice::from_raw_parts(ptr, 1) } as *const [u8];
   |                                       ^^^^^^^^^^^^^^^^^^^^^^^^^^^^^ help: replace with: `core::ptr::slice_from_raw_parts(ptr, 1_usize)`

error: casting the result of `from_raw_parts` to *const [u8]
  --> tests/ui/clippy/cast_raw_slice_pointer_cast.rs:19:39
   |
LL |         let _: *const [u8] = unsafe { one::from_raw_parts(ptr, 1) } as *const [u8];
   |                                       ^^^^^^^^^^^^^^^^^^^^^^^^^^^ help: replace with: `core::ptr::slice_from_raw_parts(ptr, 1_usize)`

error: casting the result of `from_raw_parts` to *const [u8]
  --> tests/ui/clippy/cast_raw_slice_pointer_cast.rs:24:39
   |
LL |         let _: *const [u8] = unsafe { slice::from_raw_parts(ptr, 1) } as *const [u8];
   |                                       ^^^^^^^^^^^^^^^^^^^^^^^^^^^^^ help: replace with: `core::ptr::slice_from_raw_parts(ptr, 1_usize)`

error: casting the result of `from_raw_parts` to *const [u8]
  --> tests/ui/clippy/cast_raw_slice_pointer_cast.rs:27:39
   |
LL |         let _: *const [u8] = unsafe { one::from_raw_parts(ptr, 1) } as *const [u8];
   |                                       ^^^^^^^^^^^^^^^^^^^^^^^^^^^ help: replace with: `core::ptr::slice_from_raw_parts(ptr, 1_usize)`

error: casting the result of `from_raw_parts` to *mut [u8]
  --> tests/ui/clippy/cast_raw_slice_pointer_cast.rs:10:35
   |
LL |     let _: *const [u8] = unsafe { std::slice::from_raw_parts_mut(mptr, 1) as *mut [u8] };
   |                                   ^^^^^^^^^^^^^^^^^^^^^^^^^^^^^^^^^^^^^^^ help: replace with: `core::ptr::slice_from_raw_parts_mut(mptr, 1_usize)`

error: aborting due to 7 previous errors

