error: this transmute is always evaluated eagerly, even if the condition is false
  --> tests/ui/clippy/eager_transmute.rs:20:33
   |
LL |     (op < 4).then_some(unsafe { std::mem::transmute(op) })
   |                                 ^^^^^^^^^^^^^^^^^^^^^^^
   |
   = note: `#[deny(rpl::eager_transmute)]` on by default

error: this transmute is always evaluated eagerly, even if the condition is false
  --> tests/ui/clippy/eager_transmute.rs:25:29
   |
LL |     true.then_some(unsafe { std::mem::transmute::<_, Opcode>(op) });
   |                             ^^^^^^^^^^^^^^^^^^^^^^^^^^^^^^^^^^^^

error: this transmute is always evaluated eagerly, even if the condition is false
  --> tests/ui/clippy/eager_transmute.rs:26:40
   |
LL |     (unrelated < 4).then_some(unsafe { std::mem::transmute::<_, Opcode>(op) });
   |                                        ^^^^^^^^^^^^^^^^^^^^^^^^^^^^^^^^^^^^

error: this transmute is always evaluated eagerly, even if the condition is false
  --> tests/ui/clippy/eager_transmute.rs:27:33
   |
LL |     (op < 4).then_some(unsafe { std::mem::transmute::<_, Opcode>(op) });
   |                                 ^^^^^^^^^^^^^^^^^^^^^^^^^^^^^^^^^^^^

error: this transmute is always evaluated eagerly, even if the condition is false
  --> tests/ui/clippy/eager_transmute.rs:29:33
   |
LL |     (op > 4).then_some(unsafe { std::mem::transmute::<_, Opcode>(op) });
   |                                 ^^^^^^^^^^^^^^^^^^^^^^^^^^^^^^^^^^^^

error: this transmute is always evaluated eagerly, even if the condition is false
  --> tests/ui/clippy/eager_transmute.rs:31:34
   |
LL |     (op == 0).then_some(unsafe { std::mem::transmute::<_, Opcode>(op) });
   |                                  ^^^^^^^^^^^^^^^^^^^^^^^^^^^^^^^^^^^^

error: this transmute is always evaluated eagerly, even if the condition is false
  --> tests/ui/clippy/eager_transmute.rs:34:68
   |
LL |     let _: Option<Opcode> = (op > 0 && op < 10).then_some(unsafe { std::mem::transmute(op) });
   |                                                                    ^^^^^^^^^^^^^^^^^^^^^^^

error: this transmute is always evaluated eagerly, even if the condition is false
  --> tests/ui/clippy/eager_transmute.rs:37:66
   |
LL |         (op > 0 && op < 10 && unrelated == 0).then_some(unsafe { std::mem::transmute(op) });
   |                                                                  ^^^^^^^^^^^^^^^^^^^^^^^

error: this transmute is always evaluated eagerly, even if the condition is false
  --> tests/ui/clippy/eager_transmute.rs:42:64
   |
LL |         (op2.foo[0] > 0 && op2.foo[0] < 10).then_some(unsafe { std::mem::transmute(op2.foo[0]) });
   |                                                                ^^^^^^^^^^^^^^^^^^^^^^^^^^^^^^^

error: this transmute is always evaluated eagerly, even if the condition is false
  --> tests/ui/clippy/eager_transmute.rs:47:64
   |
LL |         (op2.foo[0] > 0 && op2.foo[0] < 10).then_some(unsafe { std::mem::transmute(op2.foo[1]) });
   |                                                                ^^^^^^^^^^^^^^^^^^^^^^^^^^^^^^^

error: this transmute is always evaluated eagerly, even if the condition is false
  --> tests/ui/clippy/eager_transmute.rs:51:64
   |
LL |         (op2.foo[0] > 0 && op2.bar[1] < 10).then_some(unsafe { std::mem::transmute(op2.bar[0]) });
   |                                                                ^^^^^^^^^^^^^^^^^^^^^^^^^^^^^^^

error: this transmute is always evaluated eagerly, even if the condition is false
  --> tests/ui/clippy/eager_transmute.rs:55:64
   |
LL |         (op2.foo[0] > 0 && op2.bar[1] < 10).then_some(unsafe { std::mem::transmute(op) });
   |                                                                ^^^^^^^^^^^^^^^^^^^^^^^

error: this transmute is always evaluated eagerly, even if the condition is false
  --> tests/ui/clippy/eager_transmute.rs:60:29
   |
LL |         .then_some(unsafe { std::mem::transmute(op) });
   |                             ^^^^^^^^^^^^^^^^^^^^^^^

error: this transmute is always evaluated eagerly, even if the condition is false
  --> tests/ui/clippy/eager_transmute.rs:63:63
   |
LL |         ((1..=3).contains(&op) || op == 4).then_some(unsafe { std::mem::transmute(op) });
   |                                                               ^^^^^^^^^^^^^^^^^^^^^^^

error: this transmute is always evaluated eagerly, even if the condition is false
  --> tests/ui/clippy/eager_transmute.rs:67:29
   |
LL |         .then_some(unsafe { std::mem::transmute(op) });
   |                             ^^^^^^^^^^^^^^^^^^^^^^^

error: this transmute is always evaluated eagerly, even if the condition is false
  --> tests/ui/clippy/eager_transmute.rs:71:29
   |
LL |         .then_some(unsafe { std::mem::transmute(op) });
   |                             ^^^^^^^^^^^^^^^^^^^^^^^

error: this transmute is always evaluated eagerly, even if the condition is false
  --> tests/ui/clippy/eager_transmute.rs:75:29
   |
LL |         .then_some(unsafe { std::mem::transmute(op) });
   |                             ^^^^^^^^^^^^^^^^^^^^^^^

error: this transmute is always evaluated eagerly, even if the condition is false
  --> tests/ui/clippy/eager_transmute.rs:79:29
   |
LL |         .then_some(unsafe { std::mem::transmute(op) });
   |                             ^^^^^^^^^^^^^^^^^^^^^^^

error: this transmute is always evaluated eagerly, even if the condition is false
  --> tests/ui/clippy/eager_transmute.rs:85:29
   |
LL |         .then_some(unsafe { std::mem::transmute(op) });
   |                             ^^^^^^^^^^^^^^^^^^^^^^^

error: this transmute is always evaluated eagerly, even if the condition is false
  --> tests/ui/clippy/eager_transmute.rs:90:28
   |
LL |         (op < 4).then_some(std::mem::transmute::<_, Opcode>(op));
   |                            ^^^^^^^^^^^^^^^^^^^^^^^^^^^^^^^^^^^^

error: this transmute is always evaluated eagerly, even if the condition is false
  --> tests/ui/clippy/eager_transmute.rs:121:62
   |
LL |     let _: Option<NonZero<u8>> = (v1 > 0).then_some(unsafe { std::mem::transmute(v1) });
   |                                                              ^^^^^^^^^^^^^^^^^^^^^^^

error: this transmute is always evaluated eagerly, even if the condition is false
  --> tests/ui/clippy/eager_transmute.rs:126:62
   |
LL |         (v2 > NonZero::new(1u8).unwrap()).then_some(unsafe { std::mem::transmute(v2) });
   |                                                              ^^^^^^^^^^^^^^^^^^^^^^^

error: this transmute is always evaluated eagerly, even if the condition is false
  --> tests/ui/clippy/eager_transmute.rs:130:64
   |
LL |         (v2 < NonZero::new(255u8).unwrap()).then_some(unsafe { std::mem::transmute(v2) });
   |                                                                ^^^^^^^^^^^^^^^^^^^^^^^

error: this transmute is always evaluated eagerly, even if the condition is false
  --> tests/ui/clippy/eager_transmute.rs:134:61
   |
LL |     let _: Option<NonMaxU8> = (v3 < 255).then_some(unsafe { std::mem::transmute(v2) });
   |                                                             ^^^^^^^^^^^^^^^^^^^^^^^

error: this transmute is always evaluated eagerly, even if the condition is false
  --> tests/ui/clippy/eager_transmute.rs:138:64
   |
LL |         (v2 < NonZero::new(255u8).unwrap()).then_some(unsafe { std::mem::transmute(v2) });
   |                                                                ^^^^^^^^^^^^^^^^^^^^^^^

error: this transmute is always evaluated eagerly, even if the condition is false
  --> tests/ui/clippy/eager_transmute.rs:121:62
   |
LL |     let _: Option<NonZero<u8>> = (v1 > 0).then_some(unsafe { std::mem::transmute(v1) });
   |                                                              ^^^^^^^^^^^^^^^^^^^^^^^
   |
   = note: duplicate diagnostic emitted due to `-Z deduplicate-diagnostics=no`

error: this transmute is always evaluated eagerly, even if the condition is false
  --> tests/ui/clippy/eager_transmute.rs:126:62
   |
LL |         (v2 > NonZero::new(1u8).unwrap()).then_some(unsafe { std::mem::transmute(v2) });
   |                                                              ^^^^^^^^^^^^^^^^^^^^^^^
   |
   = note: duplicate diagnostic emitted due to `-Z deduplicate-diagnostics=no`

error: this transmute is always evaluated eagerly, even if the condition is false
  --> tests/ui/clippy/eager_transmute.rs:130:64
   |
LL |         (v2 < NonZero::new(255u8).unwrap()).then_some(unsafe { std::mem::transmute(v2) });
   |                                                                ^^^^^^^^^^^^^^^^^^^^^^^
   |
   = note: duplicate diagnostic emitted due to `-Z deduplicate-diagnostics=no`

error: this transmute is always evaluated eagerly, even if the condition is false
  --> tests/ui/clippy/eager_transmute.rs:134:61
   |
LL |     let _: Option<NonMaxU8> = (v3 < 255).then_some(unsafe { std::mem::transmute(v2) });
   |                                                             ^^^^^^^^^^^^^^^^^^^^^^^
   |
   = note: duplicate diagnostic emitted due to `-Z deduplicate-diagnostics=no`

error: this transmute is always evaluated eagerly, even if the condition is false
  --> tests/ui/clippy/eager_transmute.rs:138:64
   |
LL |         (v2 < NonZero::new(255u8).unwrap()).then_some(unsafe { std::mem::transmute(v2) });
   |                                                                ^^^^^^^^^^^^^^^^^^^^^^^
   |
   = note: duplicate diagnostic emitted due to `-Z deduplicate-diagnostics=no`

error: aborting due to 30 previous errors

