error: this public function might dereference a raw pointer but is not marked `unsafe`
  --> tests/ui/clippy/functions.rs:112:33
   |
LL |         println!("{}", unsafe { *p });
   |                                 ^^
   |
   = note: `#[deny(rpl::not_unsafe_ptr_arg_deref)]` on by default

error: this public function might dereference a raw pointer but is not marked `unsafe`
  --> tests/ui/clippy/functions.rs:115:37
   |
LL |         println!("{:?}", unsafe { p.as_ref() });
   |                                     ^^^^^^^^

error: this public function might dereference a raw pointer but is not marked `unsafe`
  --> tests/ui/clippy/functions.rs:130:29
   |
LL |     println!("{}", unsafe { *p });
   |                             ^^

error: this public function might dereference a raw pointer but is not marked `unsafe`
  --> tests/ui/clippy/functions.rs:133:33
   |
LL |     println!("{:?}", unsafe { p.as_ref() });
   |                                 ^^^^^^^^

error: this public function might dereference a raw pointer but is not marked `unsafe`
  --> tests/ui/clippy/functions.rs:143:29
   |
LL |     println!("{}", unsafe { *p });
   |                             ^^

error: this public function might dereference a raw pointer but is not marked `unsafe`
  --> tests/ui/clippy/functions.rs:146:33
   |
LL |     println!("{:?}", unsafe { p.as_ref() });
   |                                 ^^^^^^^^

error: this public function might dereference a raw pointer but is not marked `unsafe`
  --> tests/ui/clippy/functions.rs:159:33
   |
LL |         println!("{}", unsafe { *p });
   |                                 ^^

error: this public function might dereference a raw pointer but is not marked `unsafe`
  --> tests/ui/clippy/functions.rs:162:37
   |
LL |         println!("{:?}", unsafe { p.as_ref() });
   |                                     ^^^^^^^^

error: aborting due to 8 previous errors

