error: mutable borrow from immutable input(s)
  --> tests/ui/clippy/mut_from_ref.rs:13:29
   |
LL |     fn this_wont_hurt_a_bit(&self) -> &mut Foo {
   |                             ^^^^^
   |
note: immutable borrow here
  --> tests/ui/clippy/mut_from_ref.rs:13:39
   |
LL |     fn this_wont_hurt_a_bit(&self) -> &mut Foo {
   |                                       ^^^^^^^^
   = note: `-D rpl::mut-from-ref` implied by `-D warnings`
   = help: to override `-D warnings` add `#[allow(rpl::mut_from_ref)]`

error: mutable borrow from immutable input(s)
  --> tests/ui/clippy/mut_from_ref.rs:26:13
   |
LL |     fn ouch(x: &Foo) -> &mut Foo {
   |             ^
   |
note: immutable borrow here
  --> tests/ui/clippy/mut_from_ref.rs:26:25
   |
LL |     fn ouch(x: &Foo) -> &mut Foo {
   |                         ^^^^^^^^

error: mutable borrow from immutable input(s)
  --> tests/ui/clippy/mut_from_ref.rs:33:9
   |
LL | fn fail(x: &u32) -> &mut u16 {
   |         ^
   |
note: immutable borrow here
  --> tests/ui/clippy/mut_from_ref.rs:33:21
   |
LL | fn fail(x: &u32) -> &mut u16 {
   |                     ^^^^^^^^

error: mutable borrow from immutable input(s)
  --> tests/ui/clippy/mut_from_ref.rs:87:23
   |
LL | unsafe fn also_broken(x: &u32) -> &mut u32 {
   |                       ^
   |
note: immutable borrow here
  --> tests/ui/clippy/mut_from_ref.rs:87:35
   |
LL | unsafe fn also_broken(x: &u32) -> &mut u32 {
   |                                   ^^^^^^^^

error: aborting due to 4 previous errors

