error: transmuting a known null pointer into a function pointer
  --> tests/ui/clippy/transmute_null_to_fn.rs:8:23
   |
LL |         let _: fn() = std::mem::transmute(0 as *const ());
   |                       ^^^^^^^^^^^^^^^^^^^^^^^^^^^^^^^^^^^
   |
   = note: `0 as *const ()` is known to be a null pointer, so transmuting it into a function pointer is undefined behavior
   = note: `#[deny(rpl::transmute_null_to_fn)]` on by default

error: transmuting a known null pointer into a function pointer
  --> tests/ui/clippy/transmute_null_to_fn.rs:11:23
   |
LL |         let _: fn() = std::mem::transmute(std::ptr::null::<()>());
   |                       ^^^^^^^^^^^^^^^^^^^^^^^^^^^^^^^^^^^^^^^^^^^
   |
   = note: `std::ptr::null::<()>()` is known to be a null pointer, so transmuting it into a function pointer is undefined behavior

error: transmuting a known null pointer into a function pointer
  --> tests/ui/clippy/transmute_null_to_fn.rs:22:23
   |
LL |         let _: fn() = std::mem::transmute(ZPTR);
   |                       ^^^^^^^^^^^^^^^^^^^^^^^^^
   |
   = note: `ZPTR` is known to be a null pointer, so transmuting it into a function pointer is undefined behavior

error: transmuting a known null pointer into a function pointer
  --> tests/ui/clippy/transmute_null_to_fn.rs:33:23
   |
LL |         let _: fn() = std::mem::transmute(0 as *const u8 as *const ());
   |                       ^^^^^^^^^^^^^^^^^^^^^^^^^^^^^^^^^^^^^^^^^^^^^^^^
   |
   = note: `0 as *const u8` is known to be a null pointer, so transmuting it into a function pointer is undefined behavior

error: transmuting a known null pointer into a function pointer
  --> tests/ui/clippy/transmute_null_to_fn.rs:36:23
   |
LL |         let _: fn() = std::mem::transmute(std::ptr::null::<()>() as *const u8);
   |                       ^^^^^^^^^^^^^^^^^^^^^^^^^^^^^^^^^^^^^^^^^^^^^^^^^^^^^^^^
   |
   = note: `std::ptr::null::<()>()` is known to be a null pointer, so transmuting it into a function pointer is undefined behavior

error: transmuting a known null pointer into a function pointer
  --> tests/ui/clippy/transmute_null_to_fn.rs:39:23
   |
LL |         let _: fn() = std::mem::transmute(ZPTR as *const u8);
   |                       ^^^^^^^^^^^^^^^^^^^^^^^^^^^^^^^^^^^^^^
   |
   = note: `ZPTR` is known to be a null pointer, so transmuting it into a function pointer is undefined behavior

error: aborting due to 6 previous errors

