error: transmute from a `f64` to `*const usize`
  --> tests/ui/clippy/transmute_64bit.rs:9:31
   |
LL |         let _: *const usize = std::mem::transmute(6.0f64);
   |                               ^^^^^^^^^^^^^^^^^^^^^^^^^^^
   |
   = note: `#[deny(rpl::wrong_transmute)]` on by default

error: transmute from a `f64` to `*mut usize`
  --> tests/ui/clippy/transmute_64bit.rs:12:29
   |
LL |         let _: *mut usize = std::mem::transmute(6.0f64);
   |                             ^^^^^^^^^^^^^^^^^^^^^^^^^^^

error: aborting due to 2 previous errors

