error: calling `set_len()` immediately after reserving a buffer creates uninitialized values
  --> tests/ui/clippy/uninit_vec.rs:18:23
   |
LL |         let mut vec = Vec::<UnsafeCell<*mut S>>::with_capacity(1);
   |                       ^^^^^^^^^^^^^^^^^^^^^^^^^^^^^^^^^^^^^^^^^^^
LL |
LL |         vec.set_len(1);
   |         ^^^^^^^^^^^^^^
   |
   = help: initialize the buffer or wrap the content in `MaybeUninit`
   = note: `#[deny(rpl::uninit_vec)]` on by default

error: calling `set_len()` immediately after reserving a buffer creates uninitialized values
  --> tests/ui/clippy/uninit_vec.rs:23:19
   |
LL |     let mut vec = Vec::<UnsafeCell<*mut S>>::with_capacity(2);
   |                   ^^^^^^^^^^^^^^^^^^^^^^^^^^^^^^^^^^^^^^^^^^^
...
LL |         vec.set_len(2);
   |         ^^^^^^^^^^^^^^
   |
   = help: initialize the buffer or wrap the content in `MaybeUninit`

error: calling `set_len()` immediately after reserving a buffer creates uninitialized values
  --> tests/ui/clippy/uninit_vec.rs:32:28
   |
LL |     let mut vec: Vec<u8> = Vec::with_capacity(1000);
   |                            ^^^^^^^^^^^^^^^^^^^^^^^^
...
LL |         vec.set_len(200);
   |         ^^^^^^^^^^^^^^^^
   |
   = help: initialize the buffer or wrap the content in `MaybeUninit`

error: calling `set_len()` immediately after reserving a buffer creates uninitialized values
  --> tests/ui/clippy/uninit_vec.rs:32:28
   |
LL |     let mut vec: Vec<u8> = Vec::with_capacity(1000);
   |                            ^^^^^^^^^^^^^^^^^^^^^^^^
...
LL |         vec.set_len(200);
   |         ^^^^^^^^^^^^^^^^
   |
   = help: initialize the buffer or wrap the content in `MaybeUninit`

error: calling `set_len()` immediately after reserving a buffer creates uninitialized values
  --> tests/ui/clippy/uninit_vec.rs:72:32
   |
LL |         let mut vec: Vec<u8> = Vec::with_capacity(1000);
   |                                ^^^^^^^^^^^^^^^^^^^^^^^^
...
LL |         vec.set_len(200);
   |         ^^^^^^^^^^^^^^^^
   |
   = help: initialize the buffer or wrap the content in `MaybeUninit`

error: calling `set_len()` immediately after reserving a buffer creates uninitialized values
  --> tests/ui/clippy/uninit_vec.rs:72:32
   |
LL |         let mut vec: Vec<u8> = Vec::with_capacity(1000);
   |                                ^^^^^^^^^^^^^^^^^^^^^^^^
...
LL |         vec.set_len(200);
   |         ^^^^^^^^^^^^^^^^
   |
   = help: initialize the buffer or wrap the content in `MaybeUninit`

error: calling `set_len()` immediately after reserving a buffer creates uninitialized values
  --> tests/ui/clippy/uninit_vec.rs:83:28
   |
LL |     let mut vec: Vec<u8> = Vec::with_capacity(1000);
   |                            ^^^^^^^^^^^^^^^^^^^^^^^^
...
LL |         vec.set_len(200);
   |         ^^^^^^^^^^^^^^^^
   |
   = help: initialize the buffer or wrap the content in `MaybeUninit`

error: calling `set_len()` immediately after reserving a buffer creates uninitialized values
  --> tests/ui/clippy/uninit_vec.rs:109:28
   |
LL |     let mut vec: Vec<u8> = Vec::with_capacity(1000);
   |                            ^^^^^^^^^^^^^^^^^^^^^^^^
...
LL |         vec.set_len(200);
   |         ^^^^^^^^^^^^^^^^
   |
   = help: initialize the buffer or wrap the content in `MaybeUninit`

error: calling `set_len()` immediately after reserving a buffer creates uninitialized values
  --> tests/ui/clippy/uninit_vec.rs:128:29
   |
LL |     let mut vec1: Vec<u8> = Vec::with_capacity(1000);
   |                             ^^^^^^^^^^^^^^^^^^^^^^^^
...
LL |         vec1.set_len(200);
   |         ^^^^^^^^^^^^^^^^^
   |
   = help: initialize the buffer or wrap the content in `MaybeUninit`

error: calling `set_len()` immediately after reserving a buffer creates uninitialized values
  --> tests/ui/clippy/uninit_vec.rs:129:29
   |
LL |     let mut vec2: Vec<u8> = Vec::with_capacity(1000);
   |                             ^^^^^^^^^^^^^^^^^^^^^^^^
...
LL |         vec2.set_len(200);
   |         ^^^^^^^^^^^^^^^^^
   |
   = help: initialize the buffer or wrap the content in `MaybeUninit`

error: calling `set_len()` immediately after reserving a buffer creates uninitialized values
  --> tests/ui/clippy/uninit_vec.rs:136:28
   |
LL |     let mut vec: Vec<u8> = Vec::with_capacity(1000);
   |                            ^^^^^^^^^^^^^^^^^^^^^^^^
LL |     unsafe {
LL |         vec.set_len(0);
   |         ^^^^^^^^^^^^^^
   |
   = help: initialize the buffer or wrap the content in `MaybeUninit`

error: calling `set_len()` on empty `Vec` creates out-of-bound values
  --> tests/ui/clippy/uninit_vec.rs:48:28
   |
LL |     let mut vec: Vec<u8> = Vec::new();
   |                            ^^^^^^^^^^
...
LL |         vec.set_len(200);
   |         ^^^^^^^^^^^^^^^^
   |
   = help: initialize the buffer or wrap the content in `MaybeUninit`

error: calling `set_len()` on empty `Vec` creates out-of-bound values
  --> tests/ui/clippy/uninit_vec.rs:56:28
   |
LL |     let mut vec: Vec<u8> = Default::default();
   |                            ^^^^^^^^^^^^^^^^^^
...
LL |         vec.set_len(200);
   |         ^^^^^^^^^^^^^^^^
   |
   = help: initialize the buffer or wrap the content in `MaybeUninit`

error: calling `set_len()` on empty `Vec` creates out-of-bound values
  --> tests/ui/clippy/uninit_vec.rs:63:28
   |
LL |     let mut vec: Vec<u8> = Vec::default();
   |                            ^^^^^^^^^^^^^^
...
LL |         vec.set_len(200);
   |         ^^^^^^^^^^^^^^^^
   |
   = help: initialize the buffer or wrap the content in `MaybeUninit`

error: calling `set_len()` immediately after reserving a buffer creates uninitialized values
  --> tests/ui/clippy/uninit_vec.rs:157:31
   |
LL |         let mut vec: Vec<T> = Vec::with_capacity(1000);
   |                               ^^^^^^^^^^^^^^^^^^^^^^^^
...
LL |             vec.set_len(10);
   |             ^^^^^^^^^^^^^^^
   |
   = help: initialize the buffer or wrap the content in `MaybeUninit`

error: calling `set_len()` immediately after reserving a buffer creates uninitialized values
  --> tests/ui/clippy/uninit_vec.rs:185:42
   |
LL |         let mut vec: Vec<Recursive<T>> = Vec::with_capacity(1);
   |                                          ^^^^^^^^^^^^^^^^^^^^^
...
LL |             vec.set_len(1);
   |             ^^^^^^^^^^^^^^
   |
   = help: initialize the buffer or wrap the content in `MaybeUninit`

error: calling `set_len()` immediately after reserving a buffer creates uninitialized values
  --> tests/ui/clippy/uninit_vec.rs:199:37
   |
LL |         let mut vec: Vec<Enum<T>> = Vec::with_capacity(1);
   |                                     ^^^^^^^^^^^^^^^^^^^^^
...
LL |             vec.set_len(1);
   |             ^^^^^^^^^^^^^^
   |
   = help: initialize the buffer or wrap the content in `MaybeUninit`

error: aborting due to 17 previous errors

